Circuit: * C:\users\mateod\My Documents\Labs_Sintesis_Redes_Activas\Lab4_Filtros_Activos\3)PA\filtro_pa.asc

Direct Newton iteration for .op point succeeded.
.step c1val=9e-008
.step c1val=1e-007
.step c1val=1.1e-007

Date: Wed Nov 26 14:11:16 2025
Total elapsed time: 0.096 seconds.

tnom = 27
temp = 27
method = trap
totiter = 17
traniter = 0
tranpoints = 0
accept = 0
rejected = 0
matrix size = 31
fillins = 46
solver = Normal
Matrix Compiler1:     210 opcodes
Matrix Compiler2: 3.34 KB object code size
